Tue May 12 04:13:31 KST 2026: Starting automated pipeline...
Tue May 12 04:13:31 KST 2026: Running factor pipeline...
Loading clean pipeline data...
Running Kalman filter...
---------------- Kalman Filter ----------------
mode: factor-level OLS observation
input f_ols shape: (1510, 42)
max Kalman matrix size: K x K
q_scale: 1.0
r_scale: 0.01
valid factor obs mean: 42.0
skipped dates: 1
innovation NaN count: 1
----------------------------------------------
Classifying regimes...
Blending factor returns...
Saving results...
Generating diagnostics...
==================================================
Dynamic Factor Estimation
==================================================
Dates: 1510
Assets: 7580
Factors: 42

Kalman Filter
--------------------
q_scale: 1e+00
r_scale: 1e-02
mean valid obs/date: 42.0
min valid obs/date: 0
skipped dates: 1

Innovation Sensor
--------------------
lookback: 20
warning quantile: 0.05
break quantile: 0.01
normal days: 86
warning days: 0
break days: 1403
unknown/warmup days: 21

Top innovation spikes:
date          score       warn_th     break_th    state
2022-12-21T00:00:00.000000000     1896.99        0.00        0.00    break
2022-12-22T00:00:00.000000000     1859.76        0.00        0.00    break
2019-12-19T00:00:00.000000000        2.44        0.00        0.00    break
2019-12-20T00:00:00.000000000        2.35        0.00        0.00    break
2022-04-18T00:00:00.000000000        0.72        0.00        0.00    break

Recent regime events:
date          state       score       warn_th     break_th
2024-12-23T00:00:00.000000000    break           0.00        0.00        0.00
2024-12-24T00:00:00.000000000    break           0.00        0.00        0.00
2024-12-26T00:00:00.000000000    break           0.01        0.00        0.00
2024-12-27T00:00:00.000000000    break           0.02        0.00        0.00
2024-12-30T00:00:00.000000000    break           0.02        0.00        0.00

Blend Weights
--------------------
mean alpha_ols: 0.77
normal alpha_ols: 0.3
warning alpha_ols: 0.6
break alpha_ols: 0.8

Saved:
  data/processed/factor_returns_ols.csv
  data/processed/factor_returns_kalman.csv
  data/processed/factor_returns_blend.csv
  data/processed/innovation_scores.csv
  data/processed/innovation_norm.csv
  data/processed/regime_states.csv
  data/processed/regime_thresholds.csv
  data/processed/blend_alpha_ols.csv
  data/processed/dynamic_factor_summary.json

Warnings:
  Frequent breaks: 1403/1510 (92.9%)

==================================================
ANTI-LOOKAHEAD RULE:
Regime states are computed using innovation_score[t], which depends on returns at date t.
For trading, use regime_for_trading[t] = regime_states[t - 1] to avoid lookahead bias.
==================================================
Tue May 12 04:13:41 KST 2026: Factor pipeline completed successfully
Tue May 12 04:13:41 KST 2026: Running portfolio rebalancing...
connected: True
managedAccounts: ['DUN189935']
--- account summary ---
[AccountValue(account='DUN189935', tag='AccountCode', value='DUN189935', currency='', modelCode=''), AccountValue(account='DUN189935', tag='AccountOrGroup', value='DUN189935', currency='BASE', modelCode=''), AccountValue(account='DUN189935', tag='AccountOrGroup', value='DUN189935', currency='USD', modelCode=''), AccountValue(account='DUN189935', tag='AccountReady', value='true', currency='', modelCode=''), AccountValue(account='DUN189935', tag='AccountType', value='INDIVIDUAL', currency='', modelCode=''), AccountValue(account='DUN189935', tag='AccruedCash', value='619.56', currency='BASE', modelCode=''), AccountValue(account='DUN189935', tag='AccruedCash', value='619.56', currency='USD', modelCode=''), AccountValue(account='DUN189935', tag='AccruedCash-C', value='0.00', currency='USD', modelCode=''), AccountValue(account='DUN189935', tag='AccruedCash-P', value='0.00', currency='USD', modelCode=''), AccountValue(account='DUN189935', tag='AccruedCash-S', value='619.56', currency='USD', modelCode=''), AccountValue(account='DUN189935', tag='AccruedDividend', value='0.00', currency='USD', modelCode=''), AccountValue(account='DUN189935', tag='AccruedDividend-C', value='0.00', currency='USD', modelCode=''), AccountValue(account='DUN189935', tag='AccruedDividend-P', value='0.00', currency='USD', modelCode=''), AccountValue(account='DUN189935', tag='AccruedDividend-S', value='0.00', currency='USD', modelCode=''), AccountValue(account='DUN189935', tag='AvailableFunds', value='1025386.32', currency='USD', modelCode=''), AccountValue(account='DUN189935', tag='AvailableFunds-C', value='0.00', currency='USD', modelCode=''), AccountValue(account='DUN189935', tag='AvailableFunds-P', value='0.00', currency='USD', modelCode=''), AccountValue(account='DUN189935', tag='AvailableFunds-S', value='1025386.32', currency='USD', modelCode=''), AccountValue(account='DUN189935', tag='Billable', value='0.00', currency='USD', modelCode=''), AccountValue(account='DUN189935', tag='Billable-C', value='0.00', currency='USD', modelCode=''), AccountValue(account='DUN189935', tag='Billable-P', value='0.00', currency='USD', modelCode=''), AccountValue(account='DUN189935', tag='Billable-S', value='0.00', currency='USD', modelCode=''), AccountValue(account='DUN189935', tag='BuyingPower', value='4101545.29', currency='USD', modelCode=''), AccountValue(account='DUN189935', tag='CashBalance', value='1025386.3222', currency='BASE', modelCode=''), AccountValue(account='DUN189935', tag='CashBalance', value='1025386.3222', currency='USD', modelCode=''), AccountValue(account='DUN189935', tag='ColumnPrio-C', value='2', currency='', modelCode=''), AccountValue(account='DUN189935', tag='ColumnPrio-P', value='5', currency='', modelCode=''), AccountValue(account='DUN189935', tag='ColumnPrio-S', value='1', currency='', modelCode=''), AccountValue(account='DUN189935', tag='CorporateBondValue', value='0.00', currency='BASE', modelCode=''), AccountValue(account='DUN189935', tag='CorporateBondValue', value='0.00', currency='USD', modelCode=''), AccountValue(account='DUN189935', tag='Cryptocurrency', value='0.00', currency='BASE', modelCode=''), AccountValue(account='DUN189935', tag='Cryptocurrency', value='0.00', currency='USD', modelCode=''), AccountValue(account='DUN189935', tag='Currency', value='BASE', currency='BASE', modelCode=''), AccountValue(account='DUN189935', tag='Currency', value='USD', currency='USD', modelCode=''), AccountValue(account='DUN189935', tag='Cushion', value='1', currency='', modelCode=''), AccountValue(account='DUN189935', tag='DayTradesRemaining', value='-1', currency='', modelCode=''), AccountValue(account='DUN189935', tag='DayTradesRemainingT+1', value='-1', currency='', modelCode=''), AccountValue(account='DUN189935', tag='DayTradesRemainingT+2', value='-1', currency='', modelCode=''), AccountValue(account='DUN189935', tag='DayTradesRemainingT+3', value='-1', currency='', modelCode=''), AccountValue(account='DUN189935', tag='DayTradesRemainingT+4', value='-1', currency='', modelCode=''), AccountValue(account='DUN189935', tag='DayTradingStatus-S', value='::false:1026733.05::false', currency='', modelCode=''), AccountValue(account='DUN189935', tag='EquityWithLoanValue', value='1026733.05', currency='USD', modelCode=''), AccountValue(account='DUN189935', tag='EquityWithLoanValue-C', value='0.00', currency='USD', modelCode=''), AccountValue(account='DUN189935', tag='EquityWithLoanValue-P', value='0.00', currency='USD', modelCode=''), AccountValue(account='DUN189935', tag='EquityWithLoanValue-S', value='1026733.05', currency='USD', modelCode=''), AccountValue(account='DUN189935', tag='ExcessLiquidity', value='1025386.32', currency='USD', modelCode=''), AccountValue(account='DUN189935', tag='ExcessLiquidity-C', value='0.00', currency='USD', modelCode=''), AccountValue(account='DUN189935', tag='ExcessLiquidity-P', value='0.00', currency='USD', modelCode=''), AccountValue(account='DUN189935', tag='ExcessLiquidity-S', value='1025386.32', currency='USD', modelCode=''), AccountValue(account='DUN189935', tag='ExchangeRate', value='1.00', currency='BASE', modelCode=''), AccountValue(account='DUN189935', tag='ExchangeRate', value='1.00', currency='USD', modelCode=''), AccountValue(account='DUN189935', tag='FullAvailableFunds', value='1025386.32', currency='USD', modelCode=''), AccountValue(account='DUN189935', tag='FullAvailableFunds-C', value='0.00', currency='USD', modelCode=''), AccountValue(account='DUN189935', tag='FullAvailableFunds-P', value='0.00', currency='USD', modelCode=''), AccountValue(account='DUN189935', tag='FullAvailableFunds-S', value='1025386.32', currency='USD', modelCode=''), AccountValue(account='DUN189935', tag='FullExcessLiquidity', value='1025386.32', currency='USD', modelCode=''), AccountValue(account='DUN189935', tag='FullExcessLiquidity-C', value='0.00', currency='USD', modelCode=''), AccountValue(account='DUN189935', tag='FullExcessLiquidity-P', value='0.00', currency='USD', modelCode=''), AccountValue(account='DUN189935', tag='FullExcessLiquidity-S', value='1025386.32', currency='USD', modelCode=''), AccountValue(account='DUN189935', tag='FullInitMarginReq', value='1346.72', currency='USD', modelCode=''), AccountValue(account='DUN189935', tag='FullInitMarginReq-C', value='0.00', currency='USD', modelCode=''), AccountValue(account='DUN189935', tag='FullInitMarginReq-P', value='0.00', currency='USD', modelCode=''), AccountValue(account='DUN189935', tag='FullInitMarginReq-S', value='1346.72', currency='USD', modelCode=''), AccountValue(account='DUN189935', tag='FullMaintMarginReq', value='1346.72', currency='USD', modelCode=''), AccountValue(account='DUN189935', tag='FullMaintMarginReq-C', value='0.00', currency='USD', modelCode=''), AccountValue(account='DUN189935', tag='FullMaintMarginReq-P', value='0.00', currency='USD', modelCode=''), AccountValue(account='DUN189935', tag='FullMaintMarginReq-S', value='1346.72', currency='USD', modelCode=''), AccountValue(account='DUN189935', tag='FundValue', value='0.00', currency='BASE', modelCode=''), AccountValue(account='DUN189935', tag='FundValue', value='0.00', currency='USD', modelCode=''), AccountValue(account='DUN189935', tag='FutureOptionValue', value='0.00', currency='BASE', modelCode=''), AccountValue(account='DUN189935', tag='FutureOptionValue', value='0.00', currency='USD', modelCode=''), AccountValue(account='DUN189935', tag='FuturesPNL', value='0.00', currency='BASE', modelCode=''), AccountValue(account='DUN189935', tag='FuturesPNL', value='0.00', currency='USD', modelCode=''), AccountValue(account='DUN189935', tag='FxCashBalance', value='0.00', currency='BASE', modelCode=''), AccountValue(account='DUN189935', tag='FxCashBalance', value='0.00', currency='USD', modelCode=''), AccountValue(account='DUN189935', tag='GrossPositionValue', value='1346.72', currency='USD', modelCode=''), AccountValue(account='DUN189935', tag='GrossPositionValue-S', value='1346.72', currency='USD', modelCode=''), AccountValue(account='DUN189935', tag='Guarantee', value='0.00', currency='USD', modelCode=''), AccountValue(account='DUN189935', tag='Guarantee-C', value='0.00', currency='USD', modelCode=''), AccountValue(account='DUN189935', tag='Guarantee-P', value='0.00', currency='USD', modelCode=''), AccountValue(account='DUN189935', tag='Guarantee-S', value='0.00', currency='USD', modelCode=''), AccountValue(account='DUN189935', tag='IncentiveCoupons', value='0.00', currency='USD', modelCode=''), AccountValue(account='DUN189935', tag='IncentiveCoupons-C', value='0.00', currency='USD', modelCode=''), AccountValue(account='DUN189935', tag='IncentiveCoupons-P', value='0.00', currency='USD', modelCode=''), AccountValue(account='DUN189935', tag='IncentiveCoupons-S', value='0.00', currency='USD', modelCode=''), AccountValue(account='DUN189935', tag='IndianStockHaircut', value='0.00', currency='USD', modelCode=''), AccountValue(account='DUN189935', tag='IndianStockHaircut-C', value='0.00', currency='USD', modelCode=''), AccountValue(account='DUN189935', tag='IndianStockHaircut-P', value='0.00', currency='USD', modelCode=''), AccountValue(account='DUN189935', tag='IndianStockHaircut-S', value='0.00', currency='USD', modelCode=''), AccountValue(account='DUN189935', tag='InitMarginReq', value='1346.72', currency='USD', modelCode=''), AccountValue(account='DUN189935', tag='InitMarginReq-C', value='0.00', currency='USD', modelCode=''), AccountValue(account='DUN189935', tag='InitMarginReq-P', value='0.00', currency='USD', modelCode=''), AccountValue(account='DUN189935', tag='InitMarginReq-S', value='1346.72', currency='USD', modelCode=''), AccountValue(account='DUN189935', tag='IssuerOptionValue', value='0.00', currency='BASE', modelCode=''), AccountValue(account='DUN189935', tag='IssuerOptionValue', value='0.00', currency='USD', modelCode=''), AccountValue(account='DUN189935', tag='Leverage-S', value='0.00', currency='', modelCode=''), AccountValue(account='DUN189935', tag='LookAheadAvailableFunds', value='1025386.32', currency='USD', modelCode=''), AccountValue(account='DUN189935', tag='LookAheadAvailableFunds-C', value='0.00', currency='USD', modelCode=''), AccountValue(account='DUN189935', tag='LookAheadAvailableFunds-P', value='0.00', currency='USD', modelCode=''), AccountValue(account='DUN189935', tag='LookAheadAvailableFunds-S', value='1025386.32', currency='USD', modelCode=''), AccountValue(account='DUN189935', tag='LookAheadExcessLiquidity', value='1025386.32', currency='USD', modelCode=''), AccountValue(account='DUN189935', tag='LookAheadExcessLiquidity-C', value='0.00', currency='USD', modelCode=''), AccountValue(account='DUN189935', tag='LookAheadExcessLiquidity-P', value='0.00', currency='USD', modelCode=''), AccountValue(account='DUN189935', tag='LookAheadExcessLiquidity-S', value='1025386.32', currency='USD', modelCode=''), AccountValue(account='DUN189935', tag='LookAheadInitMarginReq', value='1346.72', currency='USD', modelCode=''), AccountValue(account='DUN189935', tag='LookAheadInitMarginReq-C', value='0.00', currency='USD', modelCode=''), AccountValue(account='DUN189935', tag='LookAheadInitMarginReq-P', value='0.00', currency='USD', modelCode=''), AccountValue(account='DUN189935', tag='LookAheadInitMarginReq-S', value='1346.72', currency='USD', modelCode=''), AccountValue(account='DUN189935', tag='LookAheadMaintMarginReq', value='1346.72', currency='USD', modelCode=''), AccountValue(account='DUN189935', tag='LookAheadMaintMarginReq-C', value='0.00', currency='USD', modelCode=''), AccountValue(account='DUN189935', tag='LookAheadMaintMarginReq-P', value='0.00', currency='USD', modelCode=''), AccountValue(account='DUN189935', tag='LookAheadMaintMarginReq-S', value='1346.72', currency='USD', modelCode=''), AccountValue(account='DUN189935', tag='LookAheadNextChange', value='1778529600', currency='', modelCode=''), AccountValue(account='DUN189935', tag='MaintMarginReq', value='1346.72', currency='USD', modelCode=''), AccountValue(account='DUN189935', tag='MaintMarginReq-C', value='0.00', currency='USD', modelCode=''), AccountValue(account='DUN189935', tag='MaintMarginReq-P', value='0.00', currency='USD', modelCode=''), AccountValue(account='DUN189935', tag='MaintMarginReq-S', value='1346.72', currency='USD', modelCode=''), AccountValue(account='DUN189935', tag='MoneyMarketFundValue', value='0.00', currency='BASE', modelCode=''), AccountValue(account='DUN189935', tag='MoneyMarketFundValue', value='0.00', currency='USD', modelCode=''), AccountValue(account='DUN189935', tag='MutualFundValue', value='0.00', currency='BASE', modelCode=''), AccountValue(account='DUN189935', tag='MutualFundValue', value='0.00', currency='USD', modelCode=''), AccountValue(account='DUN189935', tag='NLVAndMarginInReview', value='false', currency='', modelCode=''), AccountValue(account='DUN189935', tag='NetDividend', value='0.00', currency='BASE', modelCode=''), AccountValue(account='DUN189935', tag='NetDividend', value='0.00', currency='USD', modelCode=''), AccountValue(account='DUN189935', tag='NetLiquidation', value='1027352.61', currency='USD', modelCode=''), AccountValue(account='DUN189935', tag='NetLiquidation-C', value='0.00', currency='USD', modelCode=''), AccountValue(account='DUN189935', tag='NetLiquidation-P', value='0.00', currency='USD', modelCode=''), AccountValue(account='DUN189935', tag='NetLiquidation-S', value='1027352.61', currency='USD', modelCode=''), AccountValue(account='DUN189935', tag='NetLiquidationByCurrency', value='1027352.6059', currency='BASE', modelCode=''), AccountValue(account='DUN189935', tag='NetLiquidationByCurrency', value='1027352.6059', currency='USD', modelCode=''), AccountValue(account='DUN189935', tag='NetLiquidationUncertainty', value='0.00', currency='USD', modelCode=''), AccountValue(account='DUN189935', tag='OptionMarketValue', value='0.00', currency='BASE', modelCode=''), AccountValue(account='DUN189935', tag='OptionMarketValue', value='0.00', currency='USD', modelCode=''), AccountValue(account='DUN189935', tag='PASharesValue', value='0.00', currency='USD', modelCode=''), AccountValue(account='DUN189935', tag='PASharesValue-C', value='0.00', currency='USD', modelCode=''), AccountValue(account='DUN189935', tag='PASharesValue-P', value='0.00', currency='USD', modelCode=''), AccountValue(account='DUN189935', tag='PASharesValue-S', value='0.00', currency='USD', modelCode=''), AccountValue(account='DUN189935', tag='PhysicalCertificateValue', value='0.00', currency='USD', modelCode=''), AccountValue(account='DUN189935', tag='PhysicalCertificateValue-C', value='0.00', currency='USD', modelCode=''), AccountValue(account='DUN189935', tag='PhysicalCertificateValue-P', value='0.00', currency='USD', modelCode=''), AccountValue(account='DUN189935', tag='PhysicalCertificateValue-S', value='0.00', currency='USD', modelCode=''), AccountValue(account='DUN189935', tag='PostExpirationExcess', value='0.00', currency='USD', modelCode=''), AccountValue(account='DUN189935', tag='PostExpirationExcess-C', value='0.00', currency='USD', modelCode=''), AccountValue(account='DUN189935', tag='PostExpirationExcess-P', value='0.00', currency='USD', modelCode=''), AccountValue(account='DUN189935', tag='PostExpirationExcess-S', value='0.00', currency='USD', modelCode=''), AccountValue(account='DUN189935', tag='PostExpirationMargin', value='0.00', currency='USD', modelCode=''), AccountValue(account='DUN189935', tag='PostExpirationMargin-C', value='0.00', currency='USD', modelCode=''), AccountValue(account='DUN189935', tag='PostExpirationMargin-P', value='0.00', currency='USD', modelCode=''), AccountValue(account='DUN189935', tag='PostExpirationMargin-S', value='0.00', currency='USD', modelCode=''), AccountValue(account='DUN189935', tag='PreviousDayEquityWithLoanValue', value='1026759.35', currency='USD', modelCode=''), AccountValue(account='DUN189935', tag='PreviousDayEquityWithLoanValue-S', value='1026759.35', currency='USD', modelCode=''), AccountValue(account='DUN189935', tag='RealCurrency', value='USD', currency='BASE', modelCode=''), AccountValue(account='DUN189935', tag='RealCurrency', value='USD', currency='USD', modelCode=''), AccountValue(account='DUN189935', tag='RealizedPnL', value='-24.19', currency='BASE', modelCode=''), AccountValue(account='DUN189935', tag='RealizedPnL', value='-24.19', currency='USD', modelCode=''), AccountValue(account='DUN189935', tag='RegTEquity', value='1027352.61', currency='USD', modelCode=''), AccountValue(account='DUN189935', tag='RegTEquity-S', value='1027352.61', currency='USD', modelCode=''), AccountValue(account='DUN189935', tag='RegTMargin', value='673.36', currency='USD', modelCode=''), AccountValue(account='DUN189935', tag='RegTMargin-S', value='673.36', currency='USD', modelCode=''), AccountValue(account='DUN189935', tag='SMA', value='1026679.24', currency='USD', modelCode=''), AccountValue(account='DUN189935', tag='SMA-S', value='1026679.24', currency='USD', modelCode=''), AccountValue(account='DUN189935', tag='SegmentTitle-C', value='US Commodities', currency='', modelCode=''), AccountValue(account='DUN189935', tag='SegmentTitle-P', value='Crypto at Paxos', currency='', modelCode=''), AccountValue(account='DUN189935', tag='SegmentTitle-S', value='US Securities', currency='', modelCode=''), AccountValue(account='DUN189935', tag='SettledCashByDate', value='20260511:1026754.60222925;20260512:1025386.32222925', currency='', modelCode=''), AccountValue(account='DUN189935', tag='SettledCashByDate-C', value='20260511:0', currency='', modelCode=''), AccountValue(account='DUN189935', tag='SettledCashByDate-P', value='20260511:0', currency='', modelCode=''), AccountValue(account='DUN189935', tag='SettledCashByDate-S', value='20260511:1026754.60222925;20260512:1025386.32222925', currency='', modelCode=''), AccountValue(account='DUN189935', tag='StockMarketValue', value='1346.72', currency='BASE', modelCode=''), AccountValue(account='DUN189935', tag='StockMarketValue', value='1346.72', currency='USD', modelCode=''), AccountValue(account='DUN189935', tag='TBillValue', value='0.00', currency='BASE', modelCode=''), AccountValue(account='DUN189935', tag='TBillValue', value='0.00', currency='USD', modelCode=''), AccountValue(account='DUN189935', tag='TBondValue', value='0.00', currency='BASE', modelCode=''), AccountValue(account='DUN189935', tag='TBondValue', value='0.00', currency='USD', modelCode=''), AccountValue(account='DUN189935', tag='TotalCashBalance', value='1025386.3222', currency='BASE', modelCode=''), AccountValue(account='DUN189935', tag='TotalCashBalance', value='1025386.3222', currency='USD', modelCode=''), AccountValue(account='DUN189935', tag='TotalCashValue', value='1025386.32', currency='USD', modelCode=''), AccountValue(account='DUN189935', tag='TotalCashValue-C', value='0.00', currency='USD', modelCode=''), AccountValue(account='DUN189935', tag='TotalCashValue-P', value='0.00', currency='USD', modelCode=''), AccountValue(account='DUN189935', tag='TotalCashValue-S', value='1025386.32', currency='USD', modelCode=''), AccountValue(account='DUN189935', tag='TotalDebitCardPendingCharges', value='0.00', currency='USD', modelCode=''), AccountValue(account='DUN189935', tag='TotalDebitCardPendingCharges-C', value='0.00', currency='USD', modelCode=''), AccountValue(account='DUN189935', tag='TotalDebitCardPendingCharges-P', value='0.00', currency='USD', modelCode=''), AccountValue(account='DUN189935', tag='TotalDebitCardPendingCharges-S', value='0.00', currency='USD', modelCode=''), AccountValue(account='DUN189935', tag='TradingType-S', value='STKNOPT', currency='', modelCode=''), AccountValue(account='DUN189935', tag='UnrealizedPnL', value='-2.12', currency='BASE', modelCode=''), AccountValue(account='DUN189935', tag='UnrealizedPnL', value='-2.12', currency='USD', modelCode=''), AccountValue(account='DUN189935', tag='WarrantValue', value='0.00', currency='BASE', modelCode=''), AccountValue(account='DUN189935', tag='WarrantValue', value='0.00', currency='USD', modelCode=''), AccountValue(account='DUN189935', tag='WhatIfPMEnabled', value='true', currency='', modelCode='')]Error 10089, reqId 81: Requested market data requires additional subscription for API. See link in 'Market Data Connections' dialog for more details.AAME NASDAQ.NMS/TOP/ALL, contract: Stock(symbol='AAME', exchange='SMART', currency='USD')
Error 200, reqId 82: No security definition has been found for the request, contract: Stock(symbol='ABLLL', exchange='SMART', currency='USD')
Error 200, reqId 83: No security definition has been found for the request, contract: Stock(symbol='ABP', exchange='SMART', currency='USD')
Error 10089, reqId 84: Requested market data requires additional subscription for API. See link in 'Market Data Connections' dialog for more details.ABSI NASDAQ.NMS/TOP/ALL, contract: Stock(symbol='ABSI', exchange='SMART', currency='USD')
Error 10089, reqId 85: Requested market data requires additional subscription for API. See link in 'Market Data Connections' dialog for more details.ACAD NASDAQ.NMS/TOP/ALL, contract: Stock(symbol='ACAD', exchange='SMART', currency='USD')
Error 200, reqId 89: No security definition has been found for the request, contract: Stock(symbol='ADD', exchange='SMART', currency='USD')
cancelMktData: No reqId found for contract Ticker(contract=Stock(symbol='AAME', exchange='SMART', currency='USD'), minTick=0.0001, bboExchange='9c0001', snapshotPermissions=1)
cancelMktData: No reqId found for contract Ticker(contract=Stock(symbol='ABLLL', exchange='SMART', currency='USD'))
cancelMktData: No reqId found for contract Ticker(contract=Stock(symbol='ABP', exchange='SMART', currency='USD'))
cancelMktData: No reqId found for contract Ticker(contract=Stock(symbol='ABSI', exchange='SMART', currency='USD'), minTick=0.0001, bboExchange='9c0001', snapshotPermissions=1)
cancelMktData: No reqId found for contract Ticker(contract=Stock(symbol='ACAD', exchange='SMART', currency='USD'), minTick=0.01, bboExchange='9c0001', snapshotPermissions=1)
cancelMktData: No reqId found for contract Ticker(contract=Stock(symbol='ACGLN', exchange='SMART', currency='USD'), time=datetime.datetime(2026, 5, 11, 19, 13, 47, 859605, tzinfo=datetime.timezone.utc), marketDataType=3, minTick=0.01, bid=17.11, bidSize=700.0, ask=17.15, askSize=200.0, last=17.13, lastSize=103.0, volume=179.0, open=17.17, high=17.19, low=17.11, close=17.18, bboExchange='9c0001', snapshotPermissions=1)
cancelMktData: No reqId found for contract Ticker(contract=Stock(symbol='ACRS', exchange='SMART', currency='USD'), time=datetime.datetime(2026, 5, 11, 19, 13, 48, 62470, tzinfo=datetime.timezone.utc), marketDataType=3, minTick=0.0001, bid=4.96, bidSize=2400.0, ask=4.97, askSize=900.0, last=4.97, lastSize=260.0, volume=1265371863.0, open=4.94, high=5.12, low=4.8, close=4.93, bboExchange='9c0001', snapshotPermissions=1)
cancelMktData: No reqId found for contract Ticker(contract=Stock(symbol='ACXP', exchange='SMART', currency='USD'), time=datetime.datetime(2026, 5, 11, 19, 13, 48, 62841, tzinfo=datetime.timezone.utc), marketDataType=3, minTick=0.0001, bid=2.15, bidSize=100.0, ask=2.18, askSize=200.0, last=2.16, lastSize=147.0, volume=841691782.0, open=2.13, high=2.17, low=2.05, close=2.09, bboExchange='9c0001', snapshotPermissions=1)
cancelMktData: No reqId found for contract Ticker(contract=Stock(symbol='ADD', exchange='SMART', currency='USD'))
cancelMktData: No reqId found for contract Ticker(contract=Stock(symbol='ADGM', exchange='SMART', currency='USD'), time=datetime.datetime(2026, 5, 11, 19, 13, 48, 63106, tzinfo=datetime.timezone.utc), marketDataType=3, minTick=0.0001, bid=0.9611, bidSize=900.0, ask=1.0, askSize=50900.0, last=0.9608, lastSize=100.0, volume=4112749.0, open=0.97, high=1.0, low=0.94, close=0.975, ticks=[TickData(time=datetime.datetime(2026, 5, 11, 19, 13, 48, 63106, tzinfo=datetime.timezone.utc), tickType=66, price=0.9611, size=900.0), TickData(time=datetime.datetime(2026, 5, 11, 19, 13, 48, 63106, tzinfo=datetime.timezone.utc), tickType=67, price=1.0, size=50900.0)], bboExchange='9c0001', snapshotPermissions=1)
Error 10349, reqId 91: Order TIF was set to DAY based on order preset.
Canceled order: Trade(contract=Stock(symbol='ACXP', exchange='SMART', currency='USD'), order=MarketOrder(orderId=91, clientId=1, action='BUY', totalQuantity=313), orderStatus=OrderStatus(orderId=91, status='Cancelled', filled=0.0, remaining=0.0, avgFillPrice=0.0, permId=0, parentId=0, lastFillPrice=0.0, clientId=0, whyHeld='', mktCapPrice=0.0), fills=[], log=[TradeLogEntry(time=datetime.datetime(2026, 5, 11, 19, 13, 48, 477815, tzinfo=datetime.timezone.utc), status='PendingSubmit', message='', errorCode=0), TradeLogEntry(time=datetime.datetime(2026, 5, 11, 19, 13, 48, 886237, tzinfo=datetime.timezone.utc), status='Cancelled', message='Error 10349, reqId 91: Order TIF was set to DAY based on order preset.', errorCode=10349)], advancedError='')
Error 10349, reqId 92: Order TIF was set to DAY based on order preset.
Canceled order: Trade(contract=Stock(symbol='ABSI', exchange='SMART', currency='USD'), order=MarketOrder(orderId=92, clientId=1, action='SELL', totalQuantity=113), orderStatus=OrderStatus(orderId=92, status='Cancelled', filled=0.0, remaining=0.0, avgFillPrice=0.0, permId=0, parentId=0, lastFillPrice=0.0, clientId=0, whyHeld='', mktCapPrice=0.0), fills=[], log=[TradeLogEntry(time=datetime.datetime(2026, 5, 11, 19, 13, 49, 479105, tzinfo=datetime.timezone.utc), status='PendingSubmit', message='', errorCode=0), TradeLogEntry(time=datetime.datetime(2026, 5, 11, 19, 13, 49, 691028, tzinfo=datetime.timezone.utc), status='Cancelled', message='Error 10349, reqId 92: Order TIF was set to DAY based on order preset.', errorCode=10349)], advancedError='')
Error 10349, reqId 93: Order TIF was set to DAY based on order preset.
Canceled order: Trade(contract=Stock(symbol='ACRS', exchange='SMART', currency='USD'), order=MarketOrder(orderId=93, clientId=1, action='BUY', totalQuantity=136), orderStatus=OrderStatus(orderId=93, status='Cancelled', filled=0.0, remaining=0.0, avgFillPrice=0.0, permId=0, parentId=0, lastFillPrice=0.0, clientId=0, whyHeld='', mktCapPrice=0.0), fills=[], log=[TradeLogEntry(time=datetime.datetime(2026, 5, 11, 19, 13, 50, 480985, tzinfo=datetime.timezone.utc), status='PendingSubmit', message='', errorCode=0), TradeLogEntry(time=datetime.datetime(2026, 5, 11, 19, 13, 51, 63354, tzinfo=datetime.timezone.utc), status='Cancelled', message='Error 10349, reqId 93: Order TIF was set to DAY based on order preset.', errorCode=10349)], advancedError='')
Error 10349, reqId 94: Order TIF was set to DAY based on order preset.
Canceled order: Trade(contract=Stock(symbol='ACAD', exchange='SMART', currency='USD'), order=MarketOrder(orderId=94, clientId=1, action='SELL', totalQuantity=31), orderStatus=OrderStatus(orderId=94, status='Cancelled', filled=0.0, remaining=0.0, avgFillPrice=0.0, permId=0, parentId=0, lastFillPrice=0.0, clientId=0, whyHeld='', mktCapPrice=0.0), fills=[], log=[TradeLogEntry(time=datetime.datetime(2026, 5, 11, 19, 13, 51, 482448, tzinfo=datetime.timezone.utc), status='PendingSubmit', message='', errorCode=0), TradeLogEntry(time=datetime.datetime(2026, 5, 11, 19, 13, 51, 688909, tzinfo=datetime.timezone.utc), status='Cancelled', message='Error 10349, reqId 94: Order TIF was set to DAY based on order preset.', errorCode=10349)], advancedError='')
Error 10349, reqId 95: Order TIF was set to DAY based on order preset.
Canceled order: Trade(contract=Stock(symbol='ACGLN', exchange='SMART', currency='USD'), order=MarketOrder(orderId=95, clientId=1, action='BUY', totalQuantity=39), orderStatus=OrderStatus(orderId=95, status='Cancelled', filled=0.0, remaining=0.0, avgFillPrice=0.0, permId=0, parentId=0, lastFillPrice=0.0, clientId=0, whyHeld='', mktCapPrice=0.0), fills=[], log=[TradeLogEntry(time=datetime.datetime(2026, 5, 11, 19, 13, 52, 484969, tzinfo=datetime.timezone.utc), status='PendingSubmit', message='', errorCode=0), TradeLogEntry(time=datetime.datetime(2026, 5, 11, 19, 13, 53, 53577, tzinfo=datetime.timezone.utc), status='Cancelled', message='Error 10349, reqId 95: Order TIF was set to DAY based on order preset.', errorCode=10349)], advancedError='')
Error 10349, reqId 96: Order TIF was set to DAY based on order preset.
Canceled order: Trade(contract=Stock(symbol='ADGM', exchange='SMART', currency='USD'), order=MarketOrder(orderId=96, clientId=1, action='BUY', totalQuantity=704), orderStatus=OrderStatus(orderId=96, status='Cancelled', filled=0.0, remaining=0.0, avgFillPrice=0.0, permId=0, parentId=0, lastFillPrice=0.0, clientId=0, whyHeld='', mktCapPrice=0.0), fills=[], log=[TradeLogEntry(time=datetime.datetime(2026, 5, 11, 19, 13, 53, 486730, tzinfo=datetime.timezone.utc), status='PendingSubmit', message='', errorCode=0), TradeLogEntry(time=datetime.datetime(2026, 5, 11, 19, 13, 54, 114872, tzinfo=datetime.timezone.utc), status='Cancelled', message='Error 10349, reqId 96: Order TIF was set to DAY based on order preset.', errorCode=10349)], advancedError='')
Error 10089, reqId 97: Requested market data requires additional subscription for API. See link in 'Market Data Connections' dialog for more details.AAME NASDAQ.NMS/TOP/ALL, contract: Stock(symbol='AAME', exchange='SMART', currency='USD')
Error 200, reqId 98: No security definition has been found for the request, contract: Stock(symbol='ABLLL', exchange='SMART', currency='USD')
Error 200, reqId 99: No security definition has been found for the request, contract: Stock(symbol='ABP', exchange='SMART', currency='USD')
Error 10089, reqId 100: Requested market data requires additional subscription for API. See link in 'Market Data Connections' dialog for more details.ABSI NASDAQ.NMS/TOP/ALL, contract: Stock(symbol='ABSI', exchange='SMART', currency='USD')
Error 10089, reqId 101: Requested market data requires additional subscription for API. See link in 'Market Data Connections' dialog for more details.ACAD NASDAQ.NMS/TOP/ALL, contract: Stock(symbol='ACAD', exchange='SMART', currency='USD')
Error 10089, reqId 102: Requested market data requires additional subscription for API. See link in 'Market Data Connections' dialog for more details.ACGLN NASDAQ.NMS/TOP/ALL, contract: Stock(symbol='ACGLN', exchange='SMART', currency='USD')
Error 10089, reqId 103: Requested market data requires additional subscription for API. See link in 'Market Data Connections' dialog for more details.ACRS NASDAQ.NMS/TOP/ALL, contract: Stock(symbol='ACRS', exchange='SMART', currency='USD')
Error 10089, reqId 104: Requested market data requires additional subscription for API. See link in 'Market Data Connections' dialog for more details.ACXP NASDAQ.SCM/TOP/ALL, contract: Stock(symbol='ACXP', exchange='SMART', currency='USD')
Error 200, reqId 105: No security definition has been found for the request, contract: Stock(symbol='ADD', exchange='SMART', currency='USD')
Error 10089, reqId 106: Requested market data requires additional subscription for API. See link in 'Market Data Connections' dialog for more details.ADGM NASDAQ.SCM/TOP/ALL, contract: Stock(symbol='ADGM', exchange='SMART', currency='USD')
cancelMktData: No reqId found for contract Ticker(contract=Stock(symbol='AAME', exchange='SMART', currency='USD'), minTick=0.0001, bboExchange='9c0001', snapshotPermissions=1)
cancelMktData: No reqId found for contract Ticker(contract=Stock(symbol='ABLLL', exchange='SMART', currency='USD'))
cancelMktData: No reqId found for contract Ticker(contract=Stock(symbol='ABP', exchange='SMART', currency='USD'))
cancelMktData: No reqId found for contract Ticker(contract=Stock(symbol='ABSI', exchange='SMART', currency='USD'), minTick=0.0001, bboExchange='9c0001', snapshotPermissions=1)
cancelMktData: No reqId found for contract Ticker(contract=Stock(symbol='ACAD', exchange='SMART', currency='USD'), minTick=0.01, bboExchange='9c0001', snapshotPermissions=1)
cancelMktData: No reqId found for contract Ticker(contract=Stock(symbol='ACGLN', exchange='SMART', currency='USD'), minTick=0.01, bboExchange='9c0001', snapshotPermissions=1)
cancelMktData: No reqId found for contract Ticker(contract=Stock(symbol='ACRS', exchange='SMART', currency='USD'), minTick=0.0001, bboExchange='9c0001', snapshotPermissions=1)
cancelMktData: No reqId found for contract Ticker(contract=Stock(symbol='ACXP', exchange='SMART', currency='USD'), minTick=0.0001, bboExchange='9c0001', snapshotPermissions=1)
cancelMktData: No reqId found for contract Ticker(contract=Stock(symbol='ADD', exchange='SMART', currency='USD'))
cancelMktData: No reqId found for contract Ticker(contract=Stock(symbol='ADGM', exchange='SMART', currency='USD'), minTick=0.0001, bboExchange='9c0001', snapshotPermissions=1)

equity=1026733.05, cash=1025386.3222
Loaded 7580 tickers from data/processed
Selected 10 symbols after risk limits
--- live prices ---
AAME: None
ABLLL: None
ABP: None
ABSI: None
ACAD: None
ACGLN: 17.13
ACRS: 4.97
ACXP: 2.16
ADD: None
ADGM: 0.9608
Planned orders for 6 symbols
ACXP: current=0, target=313, order=313
ABSI: current=113, target=0, order=-113
ACRS: current=0, target=136, order=136
ACAD: current=31, target=0, order=-31
ACGLN: current=0, target=39, order=39
ADGM: current=0, target=704, order=704
Order: BUY 313 ACXP -> status=Submitted
Order: SELL 113 ABSI -> status=Filled
Order: BUY 136 ACRS -> status=Submitted
Order: SELL 31 ACAD -> status=Filled
Order: BUY 39 ACGLN -> status=Filled
Order: BUY 704 ADGM -> status=Filled
Appended daily PnL snapshot to data/ibkr_daily_pnl.csv
Starting live market data stream for 10 symbols (market_data_type=3)
--- market snapshot 1/2 ---
AAME: last=NA, bid=NA, ask=NA
ABLLL: last=NA, bid=NA, ask=NA
ABP: last=NA, bid=NA, ask=NA
ABSI: last=NA, bid=NA, ask=NA
ACAD: last=NA, bid=NA, ask=NA
ACGLN: last=NA, bid=NA, ask=NA
ACRS: last=NA, bid=NA, ask=NA
ACXP: last=NA, bid=NA, ask=NA
ADD: last=NA, bid=NA, ask=NA
ADGM: last=NA, bid=NA, ask=NA
--- market snapshot 2/2 ---
AAME: last=NA, bid=NA, ask=NA
ABLLL: last=NA, bid=NA, ask=NA
ABP: last=NA, bid=NA, ask=NA
ABSI: last=NA, bid=NA, ask=NA
ACAD: last=NA, bid=NA, ask=NA
ACGLN: last=NA, bid=NA, ask=NA
ACRS: last=NA, bid=NA, ask=NA
ACXP: last=NA, bid=NA, ask=NA
ADD: last=NA, bid=NA, ask=NA
ADGM: last=NA, bid=NA, ask=NA
disconnected
Tue May 12 04:14:54 KST 2026: Portfolio rebalancing completed successfully
Tue May 12 04:14:54 KST 2026: Automated pipeline finished
Wed May 13 22:38:25 KST 2026: Starting automated pipeline...
Wed May 13 22:38:25 KST 2026: Running factor pipeline...
Loading clean pipeline data...
Running Kalman filter...
---------------- Kalman Filter ----------------
mode: factor-level OLS observation
input f_ols shape: (1510, 42)
max Kalman matrix size: K x K
q_scale: 0.0001
r_scale: 0.01
valid factor obs mean: 42.0
skipped dates: 1
innovation NaN count: 1
----------------------------------------------
Classifying regimes...
Blending factor returns...
Saving results...
Generating diagnostics...
==================================================
Dynamic Factor Estimation
==================================================
Dates: 1510
Assets: 7580
Factors: 42

Kalman Filter
--------------------
q_scale: 1e-04
r_scale: 1e-02
mean valid obs/date: 42.0
min valid obs/date: 0
skipped dates: 1

Innovation Sensor
--------------------
lookback: 20
warning quantile: 0.95
break quantile: 0.99
normal days: 1348
warning days: 62
break days: 79
unknown/warmup days: 21

Top innovation spikes:
date          score       warn_th     break_th    state
2019-12-20T00:00:00.000000000        1.53        0.14        0.15    break
2020-03-18T00:00:00.000000000        1.01        0.62        0.66    break
2020-03-17T00:00:00.000000000        0.67        0.52        0.59    break
2020-03-16T00:00:00.000000000        0.61        0.44        0.50    break
2024-11-26T00:00:00.000000000        0.58        0.22        0.28    break

Recent regime events:
date          state       score       warn_th     break_th
2024-10-16T00:00:00.000000000    break           0.26        0.24        0.24
2024-11-11T00:00:00.000000000    break           0.29        0.24        0.26
2024-11-26T00:00:00.000000000    break           0.58        0.22        0.28
2024-12-18T00:00:00.000000000    warning         0.24        0.23        0.51
2024-12-24T00:00:00.000000000    warning         0.26        0.26        0.51

Blend Weights
--------------------
mean alpha_ols: 0.34
normal alpha_ols: 0.3
warning alpha_ols: 0.6
break alpha_ols: 0.8

Saved:
  data/processed/factor_returns_ols.csv
  data/processed/factor_returns_kalman.csv
  data/processed/factor_returns_blend.csv
  data/processed/innovation_scores.csv
  data/processed/innovation_norm.csv
  data/processed/regime_states.csv
  data/processed/regime_thresholds.csv
  data/processed/blend_alpha_ols.csv
  data/processed/dynamic_factor_summary.json

Warnings:
  Frequent breaks: 79/1510 (5.2%)

==================================================
ANTI-LOOKAHEAD RULE:
Regime states are computed using innovation_score[t], which depends on returns at date t.
For trading, use regime_for_trading[t] = regime_states[t - 1] to avoid lookahead bias.
==================================================
Wed May 13 22:38:43 KST 2026: Factor pipeline completed successfully
Wed May 13 22:38:43 KST 2026: Running portfolio rebalancing...
connected: True
managedAccounts: ['DUN189935']
--- account summary ---
account_values_count=190
equity=1010447.12, cash=1424816.07
pipeline signal date=2024-12-31 age_days=498
WARN: signal is older than --max-signal-age-days=5
Traceback (most recent call last):
  File "/home/chul/projects/Quant2/factor_pipeline_clean/scripts/ibkr_live_portfolio.py", line 497, in <module>
    main()
  File "/home/chul/projects/Quant2/factor_pipeline_clean/scripts/ibkr_live_portfolio.py", line 429, in main
    raise RuntimeError(
RuntimeError: Legacy IBKR auto-rebalance is disabled under the daily close-to-next-open convention. Use scripts/run_next_open_execution_job.py with an after-close order plan, or set ALLOW_LEGACY_INTRADAY_REBALANCE=1 only for explicit legacy diagnostics.
Wed May 13 22:38:43 KST 2026: Portfolio rebalancing failed
Wed May 13 22:38:43 KST 2026: Automated pipeline finished
